------------------------------------------------------------
Timing Analyzer Summary
------------------------------------------------------------

Type  : Slow 1200mV 85C Model Setup 'rx_clk_125'
Slack : 0.317
TNS   : 0.000

Type  : Slow 1200mV 85C Model Setup 'clk_125'
Slack : 0.811
TNS   : 0.000

Type  : Slow 1200mV 85C Model Setup 'altera_reserved_tck'
Slack : 43.925
TNS   : 0.000

Type  : Slow 1200mV 85C Model Hold 'rx_clk_125'
Slack : 0.185
TNS   : 0.000

Type  : Slow 1200mV 85C Model Hold 'clk_125'
Slack : 0.216
TNS   : 0.000

Type  : Slow 1200mV 85C Model Hold 'altera_reserved_tck'
Slack : 0.315
TNS   : 0.000

Type  : Slow 1200mV 85C Model Recovery 'clk_125'
Slack : 3.517
TNS   : 0.000

Type  : Slow 1200mV 85C Model Recovery 'rx_clk_125'
Slack : 3.933
TNS   : 0.000

Type  : Slow 1200mV 85C Model Recovery 'altera_reserved_tck'
Slack : 48.554
TNS   : 0.000

Type  : Slow 1200mV 85C Model Removal 'altera_reserved_tck'
Slack : 0.879
TNS   : 0.000

Type  : Slow 1200mV 85C Model Removal 'clk_125'
Slack : 0.895
TNS   : 0.000

Type  : Slow 1200mV 85C Model Removal 'rx_clk_125'
Slack : 2.562
TNS   : 0.000

Type  : Slow 1200mV 85C Model Minimum Pulse Width 'rx_clk_125'
Slack : 3.514
TNS   : 0.000

Type  : Slow 1200mV 85C Model Minimum Pulse Width 'clk_125'
Slack : 3.660
TNS   : 0.000

Type  : Slow 1200mV 85C Model Minimum Pulse Width 'clk_50_max10'
Slack : 9.788
TNS   : 0.000

Type  : Slow 1200mV 85C Model Minimum Pulse Width 'altera_reserved_tck'
Slack : 49.567
TNS   : 0.000

Type  : Slow 1200mV 0C Model Setup 'rx_clk_125'
Slack : 0.393
TNS   : 0.000

Type  : Slow 1200mV 0C Model Setup 'clk_125'
Slack : 1.492
TNS   : 0.000

Type  : Slow 1200mV 0C Model Setup 'altera_reserved_tck'
Slack : 44.449
TNS   : 0.000

Type  : Slow 1200mV 0C Model Hold 'rx_clk_125'
Slack : 0.212
TNS   : 0.000

Type  : Slow 1200mV 0C Model Hold 'clk_125'
Slack : 0.217
TNS   : 0.000

Type  : Slow 1200mV 0C Model Hold 'altera_reserved_tck'
Slack : 0.286
TNS   : 0.000

Type  : Slow 1200mV 0C Model Recovery 'clk_125'
Slack : 3.952
TNS   : 0.000

Type  : Slow 1200mV 0C Model Recovery 'rx_clk_125'
Slack : 4.291
TNS   : 0.000

Type  : Slow 1200mV 0C Model Recovery 'altera_reserved_tck'
Slack : 48.683
TNS   : 0.000

Type  : Slow 1200mV 0C Model Removal 'altera_reserved_tck'
Slack : 0.813
TNS   : 0.000

Type  : Slow 1200mV 0C Model Removal 'clk_125'
Slack : 0.830
TNS   : 0.000

Type  : Slow 1200mV 0C Model Removal 'rx_clk_125'
Slack : 2.341
TNS   : 0.000

Type  : Slow 1200mV 0C Model Minimum Pulse Width 'rx_clk_125'
Slack : 3.529
TNS   : 0.000

Type  : Slow 1200mV 0C Model Minimum Pulse Width 'clk_125'
Slack : 3.678
TNS   : 0.000

Type  : Slow 1200mV 0C Model Minimum Pulse Width 'clk_50_max10'
Slack : 9.833
TNS   : 0.000

Type  : Slow 1200mV 0C Model Minimum Pulse Width 'altera_reserved_tck'
Slack : 49.596
TNS   : 0.000

Type  : Fast 1200mV 0C Model Setup 'rx_clk_125'
Slack : 0.855
TNS   : 0.000

Type  : Fast 1200mV 0C Model Setup 'clk_125'
Slack : 4.442
TNS   : 0.000

Type  : Fast 1200mV 0C Model Setup 'altera_reserved_tck'
Slack : 47.308
TNS   : 0.000

Type  : Fast 1200mV 0C Model Hold 'rx_clk_125'
Slack : 0.096
TNS   : 0.000

Type  : Fast 1200mV 0C Model Hold 'clk_125'
Slack : 0.101
TNS   : 0.000

Type  : Fast 1200mV 0C Model Hold 'altera_reserved_tck'
Slack : 0.145
TNS   : 0.000

Type  : Fast 1200mV 0C Model Recovery 'clk_125'
Slack : 5.631
TNS   : 0.000

Type  : Fast 1200mV 0C Model Recovery 'rx_clk_125'
Slack : 5.892
TNS   : 0.000

Type  : Fast 1200mV 0C Model Recovery 'altera_reserved_tck'
Slack : 49.552
TNS   : 0.000

Type  : Fast 1200mV 0C Model Removal 'altera_reserved_tck'
Slack : 0.408
TNS   : 0.000

Type  : Fast 1200mV 0C Model Removal 'clk_125'
Slack : 0.416
TNS   : 0.000

Type  : Fast 1200mV 0C Model Removal 'rx_clk_125'
Slack : 1.342
TNS   : 0.000

Type  : Fast 1200mV 0C Model Minimum Pulse Width 'rx_clk_125'
Slack : 3.420
TNS   : 0.000

Type  : Fast 1200mV 0C Model Minimum Pulse Width 'clk_125'
Slack : 3.715
TNS   : 0.000

Type  : Fast 1200mV 0C Model Minimum Pulse Width 'clk_50_max10'
Slack : 9.661
TNS   : 0.000

Type  : Fast 1200mV 0C Model Minimum Pulse Width 'altera_reserved_tck'
Slack : 49.421
TNS   : 0.000

------------------------------------------------------------
